// Jest Snapshot v1, https://goo.gl/fbAQLP

exports[`Should return board with duke and update it's coordinates[WHITE] 1`] = `
Array [
  Array [
    Object {
      "color": "",
      "coordinates": Object {
        "col": 0,
        "row": 0,
      },
      "startingSide": true,
      "state": "",
      "unitType": "",
    },
    Object {
      "color": "",
      "coordinates": Object {
        "col": 1,
        "row": 0,
      },
      "startingSide": true,
      "state": "TARGETED_DRAW",
      "unitType": "",
    },
    Object {
      "color": "white",
      "coordinates": Object {
        "col": 2,
        "row": 0,
      },
      "startingSide": true,
      "state": "",
      "unitType": "duke",
    },
    Object {
      "color": "",
      "coordinates": Object {
        "col": 3,
        "row": 0,
      },
      "startingSide": true,
      "state": "TARGETED_DRAW",
      "unitType": "",
    },
    Object {
      "color": "",
      "coordinates": Object {
        "col": 4,
        "row": 0,
      },
      "startingSide": true,
      "state": "",
      "unitType": "",
    },
    Object {
      "color": "",
      "coordinates": Object {
        "col": 5,
        "row": 0,
      },
      "startingSide": true,
      "state": "",
      "unitType": "",
    },
  ],
  Array [
    Object {
      "color": "",
      "coordinates": Object {
        "col": 0,
        "row": 1,
      },
      "startingSide": true,
      "state": "",
      "unitType": "",
    },
    Object {
      "color": "",
      "coordinates": Object {
        "col": 1,
        "row": 1,
      },
      "startingSide": true,
      "state": "",
      "unitType": "",
    },
    Object {
      "color": "",
      "coordinates": Object {
        "col": 2,
        "row": 1,
      },
      "startingSide": true,
      "state": "TARGETED_DRAW",
      "unitType": "",
    },
    Object {
      "color": "",
      "coordinates": Object {
        "col": 3,
        "row": 1,
      },
      "startingSide": true,
      "state": "",
      "unitType": "",
    },
    Object {
      "color": "",
      "coordinates": Object {
        "col": 4,
        "row": 1,
      },
      "startingSide": true,
      "state": "",
      "unitType": "",
    },
    Object {
      "color": "",
      "coordinates": Object {
        "col": 5,
        "row": 1,
      },
      "startingSide": true,
      "state": "",
      "unitType": "",
    },
  ],
  Array [
    Object {
      "color": "",
      "coordinates": Object {
        "col": 0,
        "row": 2,
      },
      "startingSide": true,
      "state": "",
      "unitType": "",
    },
    Object {
      "color": "",
      "coordinates": Object {
        "col": 1,
        "row": 2,
      },
      "startingSide": true,
      "state": "",
      "unitType": "",
    },
    Object {
      "color": "",
      "coordinates": Object {
        "col": 2,
        "row": 2,
      },
      "startingSide": true,
      "state": "",
      "unitType": "",
    },
    Object {
      "color": "",
      "coordinates": Object {
        "col": 3,
        "row": 2,
      },
      "startingSide": true,
      "state": "",
      "unitType": "",
    },
    Object {
      "color": "",
      "coordinates": Object {
        "col": 4,
        "row": 2,
      },
      "startingSide": true,
      "state": "",
      "unitType": "",
    },
    Object {
      "color": "",
      "coordinates": Object {
        "col": 5,
        "row": 2,
      },
      "startingSide": true,
      "state": "",
      "unitType": "",
    },
  ],
  Array [
    Object {
      "color": "",
      "coordinates": Object {
        "col": 0,
        "row": 3,
      },
      "startingSide": true,
      "state": "",
      "unitType": "",
    },
    Object {
      "color": "",
      "coordinates": Object {
        "col": 1,
        "row": 3,
      },
      "startingSide": true,
      "state": "",
      "unitType": "",
    },
    Object {
      "color": "",
      "coordinates": Object {
        "col": 2,
        "row": 3,
      },
      "startingSide": true,
      "state": "",
      "unitType": "",
    },
    Object {
      "color": "",
      "coordinates": Object {
        "col": 3,
        "row": 3,
      },
      "startingSide": true,
      "state": "",
      "unitType": "",
    },
    Object {
      "color": "",
      "coordinates": Object {
        "col": 4,
        "row": 3,
      },
      "startingSide": true,
      "state": "",
      "unitType": "",
    },
    Object {
      "color": "",
      "coordinates": Object {
        "col": 5,
        "row": 3,
      },
      "startingSide": true,
      "state": "",
      "unitType": "",
    },
  ],
  Array [
    Object {
      "color": "",
      "coordinates": Object {
        "col": 0,
        "row": 4,
      },
      "startingSide": true,
      "state": "",
      "unitType": "",
    },
    Object {
      "color": "",
      "coordinates": Object {
        "col": 1,
        "row": 4,
      },
      "startingSide": true,
      "state": "",
      "unitType": "",
    },
    Object {
      "color": "",
      "coordinates": Object {
        "col": 2,
        "row": 4,
      },
      "startingSide": true,
      "state": "",
      "unitType": "",
    },
    Object {
      "color": "",
      "coordinates": Object {
        "col": 3,
        "row": 4,
      },
      "startingSide": true,
      "state": "",
      "unitType": "",
    },
    Object {
      "color": "",
      "coordinates": Object {
        "col": 4,
        "row": 4,
      },
      "startingSide": true,
      "state": "",
      "unitType": "",
    },
    Object {
      "color": "",
      "coordinates": Object {
        "col": 5,
        "row": 4,
      },
      "startingSide": true,
      "state": "",
      "unitType": "",
    },
  ],
  Array [
    Object {
      "color": "",
      "coordinates": Object {
        "col": 0,
        "row": 5,
      },
      "startingSide": true,
      "state": "",
      "unitType": "",
    },
    Object {
      "color": "",
      "coordinates": Object {
        "col": 1,
        "row": 5,
      },
      "startingSide": true,
      "state": "",
      "unitType": "",
    },
    Object {
      "color": "",
      "coordinates": Object {
        "col": 2,
        "row": 5,
      },
      "startingSide": true,
      "state": "",
      "unitType": "",
    },
    Object {
      "color": "",
      "coordinates": Object {
        "col": 3,
        "row": 5,
      },
      "startingSide": true,
      "state": "",
      "unitType": "",
    },
    Object {
      "color": "",
      "coordinates": Object {
        "col": 4,
        "row": 5,
      },
      "startingSide": true,
      "state": "",
      "unitType": "",
    },
    Object {
      "color": "",
      "coordinates": Object {
        "col": 5,
        "row": 5,
      },
      "startingSide": true,
      "state": "",
      "unitType": "",
    },
  ],
]
`;
